my sql username=Archana
password=root


Enter password: ****
Welcome to the MySQL monitor.  Commands end with ; or \g.
Your MySQL connection id is 21
Server version: 9.3.0 MySQL Community Server - GPL

Copyright (c) 2000, 2025, Oracle and/or its affiliates.

Oracle is a registered trademark of Oracle Corporation and/or its
affiliates. Other names may be trademarks of their respective
owners.

Type 'help;' or '\h' for help. Type '\c' to clear the current input statement.

mysql> show databases;
+--------------------+
| Database           |
+--------------------+
| db_name            |
| information_schema |
| mysql              |
| performance_schema |
| sakila             |
| sys                |
| world              |
+--------------------+
7 rows in set (0.022 sec)

mysql> create database projects;
Query OK, 1 row affected (2.149 sec)

mysql> use projects;
Database changed
mysql> show tables;
Empty set (0.044 sec)

mysql> select * from db_name;
ERROR 1146 (42S02): Table 'projects.db_name' doesn't exist
mysql> show databases;
+--------------------+
| Database           |
+--------------------+
| db_name            |
| information_schema |
| mysql              |
| performance_schema |
| projects           |
| sakila             |
| sys                |
| world              |
+--------------------+
8 rows in set (0.010 sec)

mysql> use db_name;
Database changed
mysql> show tables;
+-------------------+
| Tables_in_db_name |
+-------------------+
| sdet              |
+-------------------+
1 row in set (0.014 sec)

mysql> select * from mysql;
ERROR 1146 (42S02): Table 'db_name.mysql' doesn't exist
mysql> select * from sdet;
+-------+-----------+-------------+---------------------+-----------+
| empId | empName   | phoneNumber | emailID             | address   |
+-------+-----------+-------------+---------------------+-----------+
|  1000 | pankaj    |   234561145 | pankaj@gmail.com    | Bangalore |
|  1001 | ram       |   234561175 | ram@gmail.com       | Tamilnadu |
|  1003 | shiva     |   234391175 | shiva@gmail.com     | Kerela    |
|  1004 | rahim     |   234560075 | rahim@gmail.com     | Warangal  |
|  1005 | urvi      |   234563175 | urvi@gmail.com      | Hyderabad |
|  1006 | chashvika |   234568375 | chashvika@gmail.com | Hyderabad |
+-------+-----------+-------------+---------------------+-----------+
6 rows in set (0.009 sec)
